// Jest Snapshot v1, https://goo.gl/fbAQLP

exports[`Render a section 1`] = `
<section>
  Hello Jest!
</section>
`;
