// Jest Snapshot v1, https://goo.gl/fbAQLP

exports[`Render a img 1`] = `
<figure>
  Hello Jest!
</figure>
`;
