// Jest Snapshot v1, https://goo.gl/fbAQLP

exports[`Render a p 1`] = `
<p>
  Hello Jest!
</p>
`;
